Archive member included to satisfy reference by file (symbol)

c:/program files (x86)/atmel/studio/7.0/toolchain/avr8/avr8-gnu-toolchain/bin/../lib/gcc/avr/5.4.0/avr5\libgcc.a(_exit.o)
                              C:/Program Files (x86)/Atmel/Studio/7.0/Packs/atmel/ATmega_DFP/1.7.374/gcc/dev/atmega32a/avr5/crtatmega32a.o (exit)
c:/program files (x86)/atmel/studio/7.0/toolchain/avr8/avr8-gnu-toolchain/bin/../lib/gcc/avr/5.4.0/avr5\libgcc.a(_tablejump2.o)
                              APPLICATION/application.o (__tablejump2__)
c:/program files (x86)/atmel/studio/7.0/toolchain/avr8/avr8-gnu-toolchain/bin/../lib/gcc/avr/5.4.0/avr5\libgcc.a(_clear_bss.o)
                              APPLICATION/application.o (__do_clear_bss)

Discarded input sections

 .data          0x00000000        0x0 C:/Program Files (x86)/Atmel/Studio/7.0/Packs/atmel/ATmega_DFP/1.7.374/gcc/dev/atmega32a/avr5/crtatmega32a.o
 .bss           0x00000000        0x0 C:/Program Files (x86)/Atmel/Studio/7.0/Packs/atmel/ATmega_DFP/1.7.374/gcc/dev/atmega32a/avr5/crtatmega32a.o
 .text          0x00000000        0x0 APPLICATION/application.o
 .data          0x00000000        0x0 APPLICATION/application.o
 .bss           0x00000000        0x0 APPLICATION/application.o
 .text.APP_stop
                0x00000000       0x2c APPLICATION/application.o
 .text          0x00000000        0x0 ECUAL/button/button.o
 .data          0x00000000        0x0 ECUAL/button/button.o
 .bss           0x00000000        0x0 ECUAL/button/button.o
 .text.BUTTON_read
                0x00000000        0x6 ECUAL/button/button.o
 .text          0x00000000        0x0 ECUAL/led/led.o
 .data          0x00000000        0x0 ECUAL/led/led.o
 .bss           0x00000000        0x0 ECUAL/led/led.o
 .text.LED_toggle
                0x00000000        0x6 ECUAL/led/led.o
 .text          0x00000000        0x0 main.o
 .data          0x00000000        0x0 main.o
 .bss           0x00000000        0x0 main.o
 .text          0x00000000        0x0 MCAL/dio/dio.o
 .data          0x00000000        0x0 MCAL/dio/dio.o
 .bss           0x00000000        0x0 MCAL/dio/dio.o
 .text.DIO_read
                0x00000000       0xc8 MCAL/dio/dio.o
 .text.DIO_toggle
                0x00000000       0x6e MCAL/dio/dio.o
 .text          0x00000000        0x0 MCAL/external_interrupt/external_interrupt.o
 .data          0x00000000        0x0 MCAL/external_interrupt/external_interrupt.o
 .bss           0x00000000        0x0 MCAL/external_interrupt/external_interrupt.o
 .text.CLI      0x00000000        0x8 MCAL/external_interrupt/external_interrupt.o
 .text.EX_INT_Disable
                0x00000000       0x2e MCAL/external_interrupt/external_interrupt.o
 .text.EX_INT1_SET_CALLBACK
                0x00000000        0xa MCAL/external_interrupt/external_interrupt.o
 .text.EX_INT2_SET_CALLBACK
                0x00000000        0xa MCAL/external_interrupt/external_interrupt.o
 .text.Timer0_Comp_CALLBACK
                0x00000000        0xa MCAL/external_interrupt/external_interrupt.o
 .text.Timer0_Ovf_CALLBACK
                0x00000000        0xa MCAL/external_interrupt/external_interrupt.o
 .text          0x00000000        0x0 c:/program files (x86)/atmel/studio/7.0/toolchain/avr8/avr8-gnu-toolchain/bin/../lib/gcc/avr/5.4.0/avr5\libgcc.a(_exit.o)
 .data          0x00000000        0x0 c:/program files (x86)/atmel/studio/7.0/toolchain/avr8/avr8-gnu-toolchain/bin/../lib/gcc/avr/5.4.0/avr5\libgcc.a(_exit.o)
 .bss           0x00000000        0x0 c:/program files (x86)/atmel/studio/7.0/toolchain/avr8/avr8-gnu-toolchain/bin/../lib/gcc/avr/5.4.0/avr5\libgcc.a(_exit.o)
 .text.libgcc.mul
                0x00000000        0x0 c:/program files (x86)/atmel/studio/7.0/toolchain/avr8/avr8-gnu-toolchain/bin/../lib/gcc/avr/5.4.0/avr5\libgcc.a(_exit.o)
 .text.libgcc.div
                0x00000000        0x0 c:/program files (x86)/atmel/studio/7.0/toolchain/avr8/avr8-gnu-toolchain/bin/../lib/gcc/avr/5.4.0/avr5\libgcc.a(_exit.o)
 .text.libgcc   0x00000000        0x0 c:/program files (x86)/atmel/studio/7.0/toolchain/avr8/avr8-gnu-toolchain/bin/../lib/gcc/avr/5.4.0/avr5\libgcc.a(_exit.o)
 .text.libgcc.prologue
                0x00000000        0x0 c:/program files (x86)/atmel/studio/7.0/toolchain/avr8/avr8-gnu-toolchain/bin/../lib/gcc/avr/5.4.0/avr5\libgcc.a(_exit.o)
 .text.libgcc.builtins
                0x00000000        0x0 c:/program files (x86)/atmel/studio/7.0/toolchain/avr8/avr8-gnu-toolchain/bin/../lib/gcc/avr/5.4.0/avr5\libgcc.a(_exit.o)
 .text.libgcc.fmul
                0x00000000        0x0 c:/program files (x86)/atmel/studio/7.0/toolchain/avr8/avr8-gnu-toolchain/bin/../lib/gcc/avr/5.4.0/avr5\libgcc.a(_exit.o)
 .text.libgcc.fixed
                0x00000000        0x0 c:/program files (x86)/atmel/studio/7.0/toolchain/avr8/avr8-gnu-toolchain/bin/../lib/gcc/avr/5.4.0/avr5\libgcc.a(_exit.o)
 .text          0x00000000        0x0 c:/program files (x86)/atmel/studio/7.0/toolchain/avr8/avr8-gnu-toolchain/bin/../lib/gcc/avr/5.4.0/avr5\libgcc.a(_tablejump2.o)
 .data          0x00000000        0x0 c:/program files (x86)/atmel/studio/7.0/toolchain/avr8/avr8-gnu-toolchain/bin/../lib/gcc/avr/5.4.0/avr5\libgcc.a(_tablejump2.o)
 .bss           0x00000000        0x0 c:/program files (x86)/atmel/studio/7.0/toolchain/avr8/avr8-gnu-toolchain/bin/../lib/gcc/avr/5.4.0/avr5\libgcc.a(_tablejump2.o)
 .text.libgcc.mul
                0x00000000        0x0 c:/program files (x86)/atmel/studio/7.0/toolchain/avr8/avr8-gnu-toolchain/bin/../lib/gcc/avr/5.4.0/avr5\libgcc.a(_tablejump2.o)
 .text.libgcc.div
                0x00000000        0x0 c:/program files (x86)/atmel/studio/7.0/toolchain/avr8/avr8-gnu-toolchain/bin/../lib/gcc/avr/5.4.0/avr5\libgcc.a(_tablejump2.o)
 .text.libgcc.prologue
                0x00000000        0x0 c:/program files (x86)/atmel/studio/7.0/toolchain/avr8/avr8-gnu-toolchain/bin/../lib/gcc/avr/5.4.0/avr5\libgcc.a(_tablejump2.o)
 .text.libgcc.builtins
                0x00000000        0x0 c:/program files (x86)/atmel/studio/7.0/toolchain/avr8/avr8-gnu-toolchain/bin/../lib/gcc/avr/5.4.0/avr5\libgcc.a(_tablejump2.o)
 .text.libgcc.fmul
                0x00000000        0x0 c:/program files (x86)/atmel/studio/7.0/toolchain/avr8/avr8-gnu-toolchain/bin/../lib/gcc/avr/5.4.0/avr5\libgcc.a(_tablejump2.o)
 .text.libgcc.fixed
                0x00000000        0x0 c:/program files (x86)/atmel/studio/7.0/toolchain/avr8/avr8-gnu-toolchain/bin/../lib/gcc/avr/5.4.0/avr5\libgcc.a(_tablejump2.o)
 .text          0x00000000        0x0 c:/program files (x86)/atmel/studio/7.0/toolchain/avr8/avr8-gnu-toolchain/bin/../lib/gcc/avr/5.4.0/avr5\libgcc.a(_clear_bss.o)
 .data          0x00000000        0x0 c:/program files (x86)/atmel/studio/7.0/toolchain/avr8/avr8-gnu-toolchain/bin/../lib/gcc/avr/5.4.0/avr5\libgcc.a(_clear_bss.o)
 .bss           0x00000000        0x0 c:/program files (x86)/atmel/studio/7.0/toolchain/avr8/avr8-gnu-toolchain/bin/../lib/gcc/avr/5.4.0/avr5\libgcc.a(_clear_bss.o)
 .text.libgcc.mul
                0x00000000        0x0 c:/program files (x86)/atmel/studio/7.0/toolchain/avr8/avr8-gnu-toolchain/bin/../lib/gcc/avr/5.4.0/avr5\libgcc.a(_clear_bss.o)
 .text.libgcc.div
                0x00000000        0x0 c:/program files (x86)/atmel/studio/7.0/toolchain/avr8/avr8-gnu-toolchain/bin/../lib/gcc/avr/5.4.0/avr5\libgcc.a(_clear_bss.o)
 .text.libgcc   0x00000000        0x0 c:/program files (x86)/atmel/studio/7.0/toolchain/avr8/avr8-gnu-toolchain/bin/../lib/gcc/avr/5.4.0/avr5\libgcc.a(_clear_bss.o)
 .text.libgcc.prologue
                0x00000000        0x0 c:/program files (x86)/atmel/studio/7.0/toolchain/avr8/avr8-gnu-toolchain/bin/../lib/gcc/avr/5.4.0/avr5\libgcc.a(_clear_bss.o)
 .text.libgcc.builtins
                0x00000000        0x0 c:/program files (x86)/atmel/studio/7.0/toolchain/avr8/avr8-gnu-toolchain/bin/../lib/gcc/avr/5.4.0/avr5\libgcc.a(_clear_bss.o)
 .text.libgcc.fmul
                0x00000000        0x0 c:/program files (x86)/atmel/studio/7.0/toolchain/avr8/avr8-gnu-toolchain/bin/../lib/gcc/avr/5.4.0/avr5\libgcc.a(_clear_bss.o)
 .text.libgcc.fixed
                0x00000000        0x0 c:/program files (x86)/atmel/studio/7.0/toolchain/avr8/avr8-gnu-toolchain/bin/../lib/gcc/avr/5.4.0/avr5\libgcc.a(_clear_bss.o)

Memory Configuration

Name             Origin             Length             Attributes
text             0x00000000         0x00008000         xr
data             0x00800060         0x00000800         rw !x
eeprom           0x00810000         0x00000400         rw !x
fuse             0x00820000         0x00000002         rw !x
lock             0x00830000         0x00000400         rw !x
signature        0x00840000         0x00000400         rw !x
user_signatures  0x00850000         0x00000400         rw !x
*default*        0x00000000         0xffffffff

Linker script and memory map

LOAD C:/Program Files (x86)/Atmel/Studio/7.0/Packs/atmel/ATmega_DFP/1.7.374/gcc/dev/atmega32a/avr5/crtatmega32a.o
LOAD APPLICATION/application.o
LOAD ECUAL/button/button.o
LOAD ECUAL/led/led.o
LOAD main.o
LOAD MCAL/dio/dio.o
LOAD MCAL/external_interrupt/external_interrupt.o
START GROUP
LOAD c:/program files (x86)/atmel/studio/7.0/toolchain/avr8/avr8-gnu-toolchain/bin/../lib/gcc/avr/5.4.0/../../../../avr/lib/avr5\libm.a
END GROUP
START GROUP
LOAD c:/program files (x86)/atmel/studio/7.0/toolchain/avr8/avr8-gnu-toolchain/bin/../lib/gcc/avr/5.4.0/avr5\libgcc.a
LOAD c:/program files (x86)/atmel/studio/7.0/toolchain/avr8/avr8-gnu-toolchain/bin/../lib/gcc/avr/5.4.0/../../../../avr/lib/avr5\libm.a
LOAD c:/program files (x86)/atmel/studio/7.0/toolchain/avr8/avr8-gnu-toolchain/bin/../lib/gcc/avr/5.4.0/../../../../avr/lib/avr5\libc.a
LOAD C:/Program Files (x86)/Atmel/Studio/7.0/Packs/atmel/ATmega_DFP/1.7.374/gcc/dev/atmega32a/avr5\libatmega32a.a
END GROUP
                [0x00000000]                __TEXT_REGION_ORIGIN__ = DEFINED (__TEXT_REGION_ORIGIN__)?__TEXT_REGION_ORIGIN__:0x0
                [0x00800060]                __DATA_REGION_ORIGIN__ = DEFINED (__DATA_REGION_ORIGIN__)?__DATA_REGION_ORIGIN__:0x800060
                [0x00008000]                __TEXT_REGION_LENGTH__ = DEFINED (__TEXT_REGION_LENGTH__)?__TEXT_REGION_LENGTH__:0x20000
                [0x00000800]                __DATA_REGION_LENGTH__ = DEFINED (__DATA_REGION_LENGTH__)?__DATA_REGION_LENGTH__:0xffa0
                [0x00000400]                __EEPROM_REGION_LENGTH__ = DEFINED (__EEPROM_REGION_LENGTH__)?__EEPROM_REGION_LENGTH__:0x10000
                [0x00000002]                __FUSE_REGION_LENGTH__ = DEFINED (__FUSE_REGION_LENGTH__)?__FUSE_REGION_LENGTH__:0x400
                0x00000400                __LOCK_REGION_LENGTH__ = DEFINED (__LOCK_REGION_LENGTH__)?__LOCK_REGION_LENGTH__:0x400
                0x00000400                __SIGNATURE_REGION_LENGTH__ = DEFINED (__SIGNATURE_REGION_LENGTH__)?__SIGNATURE_REGION_LENGTH__:0x400
                0x00000400                __USER_SIGNATURE_REGION_LENGTH__ = DEFINED (__USER_SIGNATURE_REGION_LENGTH__)?__USER_SIGNATURE_REGION_LENGTH__:0x400

.hash
 *(.hash)

.dynsym
 *(.dynsym)

.dynstr
 *(.dynstr)

.gnu.version
 *(.gnu.version)

.gnu.version_d
 *(.gnu.version_d)

.gnu.version_r
 *(.gnu.version_r)

.rel.init
 *(.rel.init)

.rela.init
 *(.rela.init)

.rel.text
 *(.rel.text)
 *(.rel.text.*)
 *(.rel.gnu.linkonce.t*)

.rela.text
 *(.rela.text)
 *(.rela.text.*)
 *(.rela.gnu.linkonce.t*)

.rel.fini
 *(.rel.fini)

.rela.fini
 *(.rela.fini)

.rel.rodata
 *(.rel.rodata)
 *(.rel.rodata.*)
 *(.rel.gnu.linkonce.r*)

.rela.rodata
 *(.rela.rodata)
 *(.rela.rodata.*)
 *(.rela.gnu.linkonce.r*)

.rel.data
 *(.rel.data)
 *(.rel.data.*)
 *(.rel.gnu.linkonce.d*)

.rela.data
 *(.rela.data)
 *(.rela.data.*)
 *(.rela.gnu.linkonce.d*)

.rel.ctors
 *(.rel.ctors)

.rela.ctors
 *(.rela.ctors)

.rel.dtors
 *(.rel.dtors)

.rela.dtors
 *(.rela.dtors)

.rel.got
 *(.rel.got)

.rela.got
 *(.rela.got)

.rel.bss
 *(.rel.bss)

.rela.bss
 *(.rela.bss)

.rel.plt
 *(.rel.plt)

.rela.plt
 *(.rela.plt)

.text           0x00000000      0x5d6
 *(.vectors)
 .vectors       0x00000000       0x54 C:/Program Files (x86)/Atmel/Studio/7.0/Packs/atmel/ATmega_DFP/1.7.374/gcc/dev/atmega32a/avr5/crtatmega32a.o
                0x00000000                __vector_default
                0x00000000                __vectors
 *(.vectors)
 *(.progmem.gcc*)
 .progmem.gcc_sw_table.APP_start
                0x00000054       0x10 APPLICATION/application.o
                0x00000064                . = ALIGN (0x2)
                0x00000064                __trampolines_start = .
 *(.trampolines)
 .trampolines   0x00000064        0x0 linker stubs
 *(.trampolines*)
                0x00000064                __trampolines_end = .
 *libprintf_flt.a:*(.progmem.data)
 *libc.a:*(.progmem.data)
 *(.progmem*)
                0x00000064                . = ALIGN (0x2)
 *(.jumptables)
 *(.jumptables*)
 *(.lowtext)
 *(.lowtext*)
                0x00000064                __ctors_start = .
 *(.ctors)
                0x00000064                __ctors_end = .
                0x00000064                __dtors_start = .
 *(.dtors)
                0x00000064                __dtors_end = .
 SORT(*)(.ctors)
 SORT(*)(.dtors)
 *(.init0)
 .init0         0x00000064        0x0 C:/Program Files (x86)/Atmel/Studio/7.0/Packs/atmel/ATmega_DFP/1.7.374/gcc/dev/atmega32a/avr5/crtatmega32a.o
                0x00000064                __init
 *(.init0)
 *(.init1)
 *(.init1)
 *(.init2)
 .init2         0x00000064        0xc C:/Program Files (x86)/Atmel/Studio/7.0/Packs/atmel/ATmega_DFP/1.7.374/gcc/dev/atmega32a/avr5/crtatmega32a.o
 *(.init2)
 *(.init3)
 *(.init3)
 *(.init4)
 .init4         0x00000070       0x10 c:/program files (x86)/atmel/studio/7.0/toolchain/avr8/avr8-gnu-toolchain/bin/../lib/gcc/avr/5.4.0/avr5\libgcc.a(_clear_bss.o)
                0x00000070                __do_clear_bss
 *(.init4)
 *(.init5)
 *(.init5)
 *(.init6)
 *(.init6)
 *(.init7)
 *(.init7)
 *(.init8)
 *(.init8)
 *(.init9)
 .init9         0x00000080        0x8 C:/Program Files (x86)/Atmel/Studio/7.0/Packs/atmel/ATmega_DFP/1.7.374/gcc/dev/atmega32a/avr5/crtatmega32a.o
 *(.init9)
 *(.text)
 .text          0x00000088        0x4 C:/Program Files (x86)/Atmel/Studio/7.0/Packs/atmel/ATmega_DFP/1.7.374/gcc/dev/atmega32a/avr5/crtatmega32a.o
                0x00000088                __vector_12
                0x00000088                __bad_interrupt
                0x00000088                __vector_6
                0x00000088                __vector_13
                0x00000088                __vector_17
                0x00000088                __vector_19
                0x00000088                __vector_7
                0x00000088                __vector_5
                0x00000088                __vector_4
                0x00000088                __vector_9
                0x00000088                __vector_15
                0x00000088                __vector_8
                0x00000088                __vector_14
                0x00000088                __vector_16
                0x00000088                __vector_18
                0x00000088                __vector_20
                0x0000008c                . = ALIGN (0x2)
 *(.text.*)
 .text.EX_INT0_ISR
                0x0000008c       0x16 APPLICATION/application.o
                0x0000008c                EX_INT0_ISR
 .text.APP_init
                0x000000a2       0x3a APPLICATION/application.o
                0x000000a2                APP_init
 .text.APP_start
                0x000000dc       0x7c APPLICATION/application.o
                0x000000dc                APP_start
 .text.BUTTON_init
                0x00000158        0x8 ECUAL/button/button.o
                0x00000158                BUTTON_init
 .text.LED_init
                0x00000160        0x8 ECUAL/led/led.o
                0x00000160                LED_init
 .text.LED_on   0x00000168        0x8 ECUAL/led/led.o
                0x00000168                LED_on
 .text.LED_off  0x00000170        0x8 ECUAL/led/led.o
                0x00000170                LED_off
 .text.main     0x00000178        0xa main.o
                0x00000178                main
 .text.DIO_init
                0x00000182       0xf0 MCAL/dio/dio.o
                0x00000182                DIO_init
 .text.DIO_write
                0x00000272       0xf0 MCAL/dio/dio.o
                0x00000272                DIO_write
 .text.SIE      0x00000362        0x8 MCAL/external_interrupt/external_interrupt.o
                0x00000362                SIE
 .text.INT_SENSE
                0x0000036a       0x6e MCAL/external_interrupt/external_interrupt.o
                0x0000036a                INT_SENSE
 .text.EX_INT_Enable
                0x000003d8       0x2a MCAL/external_interrupt/external_interrupt.o
                0x000003d8                EX_INT_Enable
 .text.EX_INT_init
                0x00000402       0x20 MCAL/external_interrupt/external_interrupt.o
                0x00000402                EX_INT_init
 .text.EX_INT0_SET_CALLBACK
                0x00000422        0xa MCAL/external_interrupt/external_interrupt.o
                0x00000422                EX_INT0_SET_CALLBACK
 .text.__vector_1
                0x0000042c       0x52 MCAL/external_interrupt/external_interrupt.o
                0x0000042c                __vector_1
 .text.__vector_2
                0x0000047e       0x52 MCAL/external_interrupt/external_interrupt.o
                0x0000047e                __vector_2
 .text.__vector_3
                0x000004d0       0x52 MCAL/external_interrupt/external_interrupt.o
                0x000004d0                __vector_3
 .text.__vector_10
                0x00000522       0x52 MCAL/external_interrupt/external_interrupt.o
                0x00000522                __vector_10
 .text.__vector_11
                0x00000574       0x52 MCAL/external_interrupt/external_interrupt.o
                0x00000574                __vector_11
 .text.libgcc   0x000005c6        0xc c:/program files (x86)/atmel/studio/7.0/toolchain/avr8/avr8-gnu-toolchain/bin/../lib/gcc/avr/5.4.0/avr5\libgcc.a(_tablejump2.o)
                0x000005c6                __tablejump2__
                0x000005d2                . = ALIGN (0x2)
 *(.fini9)
 .fini9         0x000005d2        0x0 c:/program files (x86)/atmel/studio/7.0/toolchain/avr8/avr8-gnu-toolchain/bin/../lib/gcc/avr/5.4.0/avr5\libgcc.a(_exit.o)
                0x000005d2                _exit
                0x000005d2                exit
 *(.fini9)
 *(.fini8)
 *(.fini8)
 *(.fini7)
 *(.fini7)
 *(.fini6)
 *(.fini6)
 *(.fini5)
 *(.fini5)
 *(.fini4)
 *(.fini4)
 *(.fini3)
 *(.fini3)
 *(.fini2)
 *(.fini2)
 *(.fini1)
 *(.fini1)
 *(.fini0)
 .fini0         0x000005d2        0x4 c:/program files (x86)/atmel/studio/7.0/toolchain/avr8/avr8-gnu-toolchain/bin/../lib/gcc/avr/5.4.0/avr5\libgcc.a(_exit.o)
 *(.fini0)
                0x000005d6                _etext = .

.data           0x00800060        0x0 load address 0x000005d6
                [!provide]                PROVIDE (__data_start, .)
 *(.data)
 *(.data*)
 *(.gnu.linkonce.d*)
 *(.rodata)
 *(.rodata*)
 *(.gnu.linkonce.r*)
                0x00800060                . = ALIGN (0x2)
                0x00800060                _edata = .
                [!provide]                PROVIDE (__data_end, .)

.bss            0x00800060        0xb
                0x00800060                PROVIDE (__bss_start, .)
 *(.bss)
 *(.bss*)
 .bss.state_number
                0x00800060        0x1 APPLICATION/application.o
                0x00800060                state_number
 .bss.Callbackptr10
                0x00800061        0x2 MCAL/external_interrupt/external_interrupt.o
 .bss.Callbackptr9
                0x00800063        0x2 MCAL/external_interrupt/external_interrupt.o
 .bss.Callbackptr2
                0x00800065        0x2 MCAL/external_interrupt/external_interrupt.o
 .bss.Callbackptr1
                0x00800067        0x2 MCAL/external_interrupt/external_interrupt.o
 .bss.Callbackptr0
                0x00800069        0x2 MCAL/external_interrupt/external_interrupt.o
 *(COMMON)
                0x0080006b                PROVIDE (__bss_end, .)
                0x000005d6                __data_load_start = LOADADDR (.data)
                0x000005d6                __data_load_end = (__data_load_start + SIZEOF (.data))

.noinit         0x0080006b        0x0
                [!provide]                PROVIDE (__noinit_start, .)
 *(.noinit*)
                [!provide]                PROVIDE (__noinit_end, .)
                0x0080006b                _end = .
                [!provide]                PROVIDE (__heap_start, .)

.eeprom         0x00810000        0x0
 *(.eeprom*)
                0x00810000                __eeprom_end = .

.fuse
 *(.fuse)
 *(.lfuse)
 *(.hfuse)
 *(.efuse)

.lock
 *(.lock*)

.signature
 *(.signature*)

.user_signatures
 *(.user_signatures*)

.stab
 *(.stab)

.stabstr
 *(.stabstr)

.stab.excl
 *(.stab.excl)

.stab.exclstr
 *(.stab.exclstr)

.stab.index
 *(.stab.index)

.stab.indexstr
 *(.stab.indexstr)

.comment        0x00000000       0x30
 *(.comment)
 .comment       0x00000000       0x30 APPLICATION/application.o
                                 0x31 (size before relaxing)
 .comment       0x00000030       0x31 ECUAL/button/button.o
 .comment       0x00000030       0x31 ECUAL/led/led.o
 .comment       0x00000030       0x31 main.o
 .comment       0x00000030       0x31 MCAL/dio/dio.o
 .comment       0x00000030       0x31 MCAL/external_interrupt/external_interrupt.o

.note.gnu.avr.deviceinfo
                0x00000000       0x3c
 .note.gnu.avr.deviceinfo
                0x00000000       0x3c C:/Program Files (x86)/Atmel/Studio/7.0/Packs/atmel/ATmega_DFP/1.7.374/gcc/dev/atmega32a/avr5/crtatmega32a.o

.note.gnu.build-id
 *(.note.gnu.build-id)

.debug
 *(.debug)

.line
 *(.line)

.debug_srcinfo
 *(.debug_srcinfo)

.debug_sfnames
 *(.debug_sfnames)

.debug_aranges  0x00000000      0x188
 *(.debug_aranges)
 .debug_aranges
                0x00000000       0x38 APPLICATION/application.o
 .debug_aranges
                0x00000038       0x28 ECUAL/button/button.o
 .debug_aranges
                0x00000060       0x38 ECUAL/led/led.o
 .debug_aranges
                0x00000098       0x20 main.o
 .debug_aranges
                0x000000b8       0x38 MCAL/dio/dio.o
 .debug_aranges
                0x000000f0       0x98 MCAL/external_interrupt/external_interrupt.o

.debug_pubnames
 *(.debug_pubnames)

.debug_info     0x00000000     0x1111
 *(.debug_info .gnu.linkonce.wi.*)
 .debug_info    0x00000000      0x4e6 C:/Program Files (x86)/Atmel/Studio/7.0/Packs/atmel/ATmega_DFP/1.7.374/gcc/dev/atmega32a/avr5/crtatmega32a.o
 .debug_info    0x000004e6      0x38b APPLICATION/application.o
 .debug_info    0x00000871      0x14f ECUAL/button/button.o
 .debug_info    0x000009c0      0x1e7 ECUAL/led/led.o
 .debug_info    0x00000ba7       0xae main.o
 .debug_info    0x00000c55      0x177 MCAL/dio/dio.o
 .debug_info    0x00000dcc      0x345 MCAL/external_interrupt/external_interrupt.o

.debug_abbrev   0x00000000      0x8c0
 *(.debug_abbrev)
 .debug_abbrev  0x00000000      0x4a3 C:/Program Files (x86)/Atmel/Studio/7.0/Packs/atmel/ATmega_DFP/1.7.374/gcc/dev/atmega32a/avr5/crtatmega32a.o
 .debug_abbrev  0x000004a3       0xec APPLICATION/application.o
 .debug_abbrev  0x0000058f       0x94 ECUAL/button/button.o
 .debug_abbrev  0x00000623       0x9a ECUAL/led/led.o
 .debug_abbrev  0x000006bd       0x68 main.o
 .debug_abbrev  0x00000725       0x92 MCAL/dio/dio.o
 .debug_abbrev  0x000007b7      0x109 MCAL/external_interrupt/external_interrupt.o

.debug_line     0x00000000      0xa0f
 *(.debug_line .debug_line.* .debug_line_end)
 .debug_line    0x00000000      0x116 C:/Program Files (x86)/Atmel/Studio/7.0/Packs/atmel/ATmega_DFP/1.7.374/gcc/dev/atmega32a/avr5/crtatmega32a.o
 .debug_line    0x00000116      0x231 APPLICATION/application.o
 .debug_line    0x00000347       0xc5 ECUAL/button/button.o
 .debug_line    0x0000040c       0xe5 ECUAL/led/led.o
 .debug_line    0x000004f1       0x6b main.o
 .debug_line    0x0000055c      0x1c5 MCAL/dio/dio.o
 .debug_line    0x00000721      0x2ee MCAL/external_interrupt/external_interrupt.o

.debug_frame    0x00000000      0x3e4
 *(.debug_frame)
 .debug_frame   0x00000000       0x54 APPLICATION/application.o
 .debug_frame   0x00000054       0x34 ECUAL/button/button.o
 .debug_frame   0x00000088       0x54 ECUAL/led/led.o
 .debug_frame   0x000000dc       0x24 main.o
 .debug_frame   0x00000100       0x54 MCAL/dio/dio.o
 .debug_frame   0x00000154      0x290 MCAL/external_interrupt/external_interrupt.o

.debug_str      0x00000000      0x597
 *(.debug_str)
 .debug_str     0x00000000      0x196 C:/Program Files (x86)/Atmel/Studio/7.0/Packs/atmel/ATmega_DFP/1.7.374/gcc/dev/atmega32a/avr5/crtatmega32a.o
 .debug_str     0x00000196      0x1f3 APPLICATION/application.o
                                0x20c (size before relaxing)
 .debug_str     0x00000389       0x52 ECUAL/button/button.o
                                0x1c4 (size before relaxing)
 .debug_str     0x000003db       0x33 ECUAL/led/led.o
                                0x1bf (size before relaxing)
 .debug_str     0x0000040e       0x11 main.o
                                0x182 (size before relaxing)
 .debug_str     0x0000041f       0x36 MCAL/dio/dio.o
                                0x1c9 (size before relaxing)
 .debug_str     0x00000455      0x142 MCAL/external_interrupt/external_interrupt.o
                                0x2d8 (size before relaxing)

.debug_loc      0x00000000      0x9e7
 *(.debug_loc)
 .debug_loc     0x00000000       0xaa ECUAL/button/button.o
 .debug_loc     0x000000aa      0x108 ECUAL/led/led.o
 .debug_loc     0x000001b2      0x278 MCAL/dio/dio.o
 .debug_loc     0x0000042a      0x5bd MCAL/external_interrupt/external_interrupt.o

.debug_macinfo
 *(.debug_macinfo)

.debug_weaknames
 *(.debug_weaknames)

.debug_funcnames
 *(.debug_funcnames)

.debug_typenames
 *(.debug_typenames)

.debug_varnames
 *(.debug_varnames)

.debug_pubtypes
 *(.debug_pubtypes)

.debug_ranges   0x00000000      0x128
 *(.debug_ranges)
 .debug_ranges  0x00000000       0x28 APPLICATION/application.o
 .debug_ranges  0x00000028       0x18 ECUAL/button/button.o
 .debug_ranges  0x00000040       0x28 ECUAL/led/led.o
 .debug_ranges  0x00000068       0x10 main.o
 .debug_ranges  0x00000078       0x28 MCAL/dio/dio.o
 .debug_ranges  0x000000a0       0x88 MCAL/external_interrupt/external_interrupt.o

.debug_macro
 *(.debug_macro)
OUTPUT(LED sequence V2.0.elf elf32-avr)
LOAD linker stubs
